Errore: disponibilità non aggiornata correttamente
Disponibilità iniziale: 13
Disponibilità finale: 13
Codice abbonamento usato: 89
Codice lezione usato: 6
