Prenotazione aggiunta con successo
Disponibilità iniziale: 20
Disponibilità finale: 19
Codice abbonamento usato: 4
Codice lezione usato: 25
