REPORT MENSILE GENERALE PER DISCIPLINA
Disciplina                     Prenotazioni
--------------------------------------------
Yoga                          4         
Aerobica                      2         
--------------------------------------------
